root - WARNING - <div class="panel__panel___3Q2zW panel__white___19KTz colors__bgWhite___1stjL panel__bordered___1Xe-S panel__rounded___2etNE GenericStationListItem__station___1O4vF GenericStationListItem__clickable___30MZX"><div class="GenericStationListItem__stationListItem___3Jmn4" role="link" tabindex="0"><div class="GenericStationListItem__logoColumn___2oYl7 GenericStationListItem__column___2Yqh-"><div class="StationBrandings__logoImages___1KnoP"><div class="GenericStationListItem__logoImageContainer___2SVFN"><img alt="Puma" class="image__image___1ZUby" src="https://images.gasbuddy.io/b/316.png"/></div></div></div><div class="GenericStationListItem__mainInfoColumn___2kuPq GenericStationListItem__column___2Yqh-"><h3 class="header__header3___1b1oq header__header___1zII0 header__evergreen___2DD39 header__snug___lRSNK GenericStationListItem__stationNameHeader___3qxdy"><a href="/station/199500" style="text-decoration:inherit;color:inherit">Puma</a><span> </span></h3><div class="GenericStationListItem__ratingContainer___3teRk"><div class="RatingStars__star___1Yz8j dv-star-rating dv-star-rating-non-editable StarRating__starRating___SmX7a"><span><input class="RatingStars__radio___3pPl_ dv-star-rating-input" id="stationRating_5" name="stationRating" type="radio" value="5"/><label class="dv-star-rating-star dv-star-rating-empty-star" for="stationRating_5" style="float:right;cursor:default;color:#d1d3d5"><svg aria-hidden="true" class="svg-inline--fa fa-star fa-w-18 fa-sm" data-icon="star" data-prefix="far" focusable="false" role="img" viewbox="0 0 576 512" xmlns="http://www.w3.org/2000/svg"><path d="M528.1 171.5L382 150.2 316.7 17.8c-11.7-23.6-45.6-23.9-57.4 0L194 150.2 47.9 171.5c-26.2 3.8-36.7 36.1-17.7 54.6l105.7 103-25 145.5c-4.5 26.3 23.2 46 46.4 33.7L288 439.6l130.7 68.7c23.2 12.2 50.9-7.4 46.4-33.7l-25-145.5 105.7-103c19-18.5 8.5-50.8-17.7-54.6zM388.6 312.3l23.7 138.4L288 385.4l-124.3 65.3 23.7-138.4-100.6-98 139-20.2 62.2-126 62.2 126 139 20.2-100.6 98z" fill="currentColor"></path></svg></label></span><span><input class="RatingStars__radio___3pPl_ dv-star-rating-input" id="stationRating_4" name="stationRating" type="radio" value="4"/><label class="dv-star-rating-star dv-star-rating-empty-star" for="stationRating_4" style="float:right;cursor:default;color:#d1d3d5"><svg aria-hidden="true" class="svg-inline--fa fa-star fa-w-18 fa-sm" data-icon="star" data-prefix="far" focusable="false" role="img" viewbox="0 0 576 512" xmlns="http://www.w3.org/2000/svg"><path d="M528.1 171.5L382 150.2 316.7 17.8c-11.7-23.6-45.6-23.9-57.4 0L194 150.2 47.9 171.5c-26.2 3.8-36.7 36.1-17.7 54.6l105.7 103-25 145.5c-4.5 26.3 23.2 46 46.4 33.7L288 439.6l130.7 68.7c23.2 12.2 50.9-7.4 46.4-33.7l-25-145.5 105.7-103c19-18.5 8.5-50.8-17.7-54.6zM388.6 312.3l23.7 138.4L288 385.4l-124.3 65.3 23.7-138.4-100.6-98 139-20.2 62.2-126 62.2 126 139 20.2-100.6 98z" fill="currentColor"></path></svg></label></span><span><input class="RatingStars__radio___3pPl_ dv-star-rating-input" id="stationRating_3" name="stationRating" type="radio" value="3"/><label class="dv-star-rating-star dv-star-rating-empty-star" for="stationRating_3" style="float:right;cursor:default;color:#d1d3d5"><svg aria-hidden="true" class="svg-inline--fa fa-star fa-w-18 fa-sm" data-icon="star" data-prefix="far" focusable="false" role="img" viewbox="0 0 576 512" xmlns="http://www.w3.org/2000/svg"><path d="M528.1 171.5L382 150.2 316.7 17.8c-11.7-23.6-45.6-23.9-57.4 0L194 150.2 47.9 171.5c-26.2 3.8-36.7 36.1-17.7 54.6l105.7 103-25 145.5c-4.5 26.3 23.2 46 46.4 33.7L288 439.6l130.7 68.7c23.2 12.2 50.9-7.4 46.4-33.7l-25-145.5 105.7-103c19-18.5 8.5-50.8-17.7-54.6zM388.6 312.3l23.7 138.4L288 385.4l-124.3 65.3 23.7-138.4-100.6-98 139-20.2 62.2-126 62.2 126 139 20.2-100.6 98z" fill="currentColor"></path></svg></label></span><span><input class="RatingStars__radio___3pPl_ dv-star-rating-input" id="stationRating_2" name="stationRating" type="radio" value="2"/><label class="dv-star-rating-star dv-star-rating-empty-star" for="stationRating_2" style="float:right;cursor:default;color:#d1d3d5"><svg aria-hidden="true" class="svg-inline--fa fa-star fa-w-18 fa-sm" data-icon="star" data-prefix="far" focusable="false" role="img" viewbox="0 0 576 512" xmlns="http://www.w3.org/2000/svg"><path d="M528.1 171.5L382 150.2 316.7 17.8c-11.7-23.6-45.6-23.9-57.4 0L194 150.2 47.9 171.5c-26.2 3.8-36.7 36.1-17.7 54.6l105.7 103-25 145.5c-4.5 26.3 23.2 46 46.4 33.7L288 439.6l130.7 68.7c23.2 12.2 50.9-7.4 46.4-33.7l-25-145.5 105.7-103c19-18.5 8.5-50.8-17.7-54.6zM388.6 312.3l23.7 138.4L288 385.4l-124.3 65.3 23.7-138.4-100.6-98 139-20.2 62.2-126 62.2 126 139 20.2-100.6 98z" fill="currentColor"></path></svg></label></span><span><input class="RatingStars__radio___3pPl_ dv-star-rating-input" id="stationRating_1" name="stationRating" type="radio" value="1"/><label class="dv-star-rating-star dv-star-rating-empty-star" for="stationRating_1" style="float:right;cursor:default;color:#d1d3d5"><svg aria-hidden="true" class="svg-inline--fa fa-star fa-w-18 fa-sm" data-icon="star" data-prefix="far" focusable="false" role="img" viewbox="0 0 576 512" xmlns="http://www.w3.org/2000/svg"><path d="M528.1 171.5L382 150.2 316.7 17.8c-11.7-23.6-45.6-23.9-57.4 0L194 150.2 47.9 171.5c-26.2 3.8-36.7 36.1-17.7 54.6l105.7 103-25 145.5c-4.5 26.3 23.2 46 46.4 33.7L288 439.6l130.7 68.7c23.2 12.2 50.9-7.4 46.4-33.7l-25-145.5 105.7-103c19-18.5 8.5-50.8-17.7-54.6zM388.6 312.3l23.7 138.4L288 385.4l-124.3 65.3 23.7-138.4-100.6-98 139-20.2 62.2-126 62.2 126 139 20.2-100.6 98z" fill="currentColor"></path></svg></label></span></div> <span class="text__left___1iOw3 GenericStationListItem__numberOfReviews___3Ow1k">0</span></div><div class="GenericStationListItem__address___1VFQ3">PR-3 km 24.5<br/></div><div class="container__container___2Wq7c container__snap___1RrVv"><div class="BadgeAds__badgeAds___3SUFw"></div></div></div><div class="GenericStationListItem__badgeContainer___15mlh"></div><div class="GenericStationListItem__priceColumn___UmzZ7 GenericStationListItem__column___2Yqh-"><div class="GenericStationListItem__priceContainer___YbVoO"><span class="text__left___1iOw3 GenericStationListItem__price___3GpKP">$0.45</span><div><span class="ReportedBy__user___gVNBF"><a class="ReportedBy__memberLink___v1-RM" href="https://www.gasbuddy.com/Member/Dashinoku"><img alt="" src="//static.gasbuddy.com/web/consumer/user-icon.svg"/> <!-- -->Dashinoku</a></span><span class="ReportedBy__postedTime___J5H9Z">6 hours ago</span></div><div></div></div></div></div></div> in GA skipping....
root - WARNING - <div class="panel__panel___3Q2zW panel__white___19KTz colors__bgWhite___1stjL panel__bordered___1Xe-S panel__rounded___2etNE GenericStationListItem__station___1O4vF GenericStationListItem__clickable___30MZX"><div class="GenericStationListItem__stationListItem___3Jmn4" role="link" tabindex="0"><div class="GenericStationListItem__logoColumn___2oYl7 GenericStationListItem__column___2Yqh-"><div class="StationBrandings__logoImages___1KnoP"><div class="GenericStationListItem__logoImageContainer___2SVFN"><img alt="Shell" class="image__image___1ZUby" src="https://images.gasbuddy.io/b/122.png"/></div></div></div><div class="GenericStationListItem__mainInfoColumn___2kuPq GenericStationListItem__column___2Yqh-"><h3 class="header__header3___1b1oq header__header___1zII0 header__evergreen___2DD39 header__snug___lRSNK GenericStationListItem__stationNameHeader___3qxdy"><a href="/station/128871" style="text-decoration:inherit;color:inherit">Shell</a><span> </span></h3><div class="GenericStationListItem__ratingContainer___3teRk"><div class="RatingStars__star___1Yz8j dv-star-rating dv-star-rating-non-editable StarRating__starRating___SmX7a"><span><input class="RatingStars__radio___3pPl_ dv-star-rating-input" id="stationRating_5" name="stationRating" type="radio" value="5"/><label class="dv-star-rating-star dv-star-rating-empty-star" for="stationRating_5" style="float:right;cursor:default;color:#f6cc1c"><svg aria-hidden="true" class="svg-inline--fa fa-star-half-alt fa-w-17 fa-sm" data-icon="star-half-alt" data-prefix="fas" focusable="false" role="img" viewbox="0 0 536 512" xmlns="http://www.w3.org/2000/svg"><path d="M508.55 171.51L362.18 150.2 296.77 17.81C290.89 5.98 279.42 0 267.95 0c-11.4 0-22.79 5.9-28.69 17.81l-65.43 132.38-146.38 21.29c-26.25 3.8-36.77 36.09-17.74 54.59l105.89 103-25.06 145.48C86.98 495.33 103.57 512 122.15 512c4.93 0 10-1.17 14.87-3.75l130.95-68.68 130.94 68.7c4.86 2.55 9.92 3.71 14.83 3.71 18.6 0 35.22-16.61 31.66-37.4l-25.03-145.49 105.91-102.98c19.04-18.5 8.52-50.8-17.73-54.6zm-121.74 123.2l-18.12 17.62 4.28 24.88 19.52 113.45-102.13-53.59-22.38-11.74.03-317.19 51.03 103.29 11.18 22.63 25.01 3.64 114.23 16.63-82.65 80.38z" fill="currentColor"></path></svg></label></span><span><input class="RatingStars__radio___3pPl_ dv-star-rating-input" id="stationRating_4" name="stationRating" type="radio" value="4"/><label class="dv-star-rating-star dv-star-rating-full-star" for="stationRating_4" style="float:right;cursor:default;color:#f6cc1c"><svg aria-hidden="true" class="svg-inline--fa fa-star fa-w-18 fa-sm" data-icon="star" data-prefix="fas" focusable="false" role="img" viewbox="0 0 576 512" xmlns="http://www.w3.org/2000/svg"><path d="M259.3 17.8L194 150.2 47.9 171.5c-26.2 3.8-36.7 36.1-17.7 54.6l105.7 103-25 145.5c-4.5 26.3 23.2 46 46.4 33.7L288 439.6l130.7 68.7c23.2 12.2 50.9-7.4 46.4-33.7l-25-145.5 105.7-103c19-18.5 8.5-50.8-17.7-54.6L382 150.2 316.7 17.8c-11.7-23.6-45.6-23.9-57.4 0z" fill="currentColor"></path></svg></label></span><span><input class="RatingStars__radio___3pPl_ dv-star-rating-input" id="stationRating_3" name="stationRating" type="radio" value="3"/><label class="dv-star-rating-star dv-star-rating-full-star" for="stationRating_3" style="float:right;cursor:default;color:#f6cc1c"><svg aria-hidden="true" class="svg-inline--fa fa-star fa-w-18 fa-sm" data-icon="star" data-prefix="fas" focusable="false" role="img" viewbox="0 0 576 512" xmlns="http://www.w3.org/2000/svg"><path d="M259.3 17.8L194 150.2 47.9 171.5c-26.2 3.8-36.7 36.1-17.7 54.6l105.7 103-25 145.5c-4.5 26.3 23.2 46 46.4 33.7L288 439.6l130.7 68.7c23.2 12.2 50.9-7.4 46.4-33.7l-25-145.5 105.7-103c19-18.5 8.5-50.8-17.7-54.6L382 150.2 316.7 17.8c-11.7-23.6-45.6-23.9-57.4 0z" fill="currentColor"></path></svg></label></span><span><input class="RatingStars__radio___3pPl_ dv-star-rating-input" id="stationRating_2" name="stationRating" type="radio" value="2"/><label class="dv-star-rating-star dv-star-rating-full-star" for="stationRating_2" style="float:right;cursor:default;color:#f6cc1c"><svg aria-hidden="true" class="svg-inline--fa fa-star fa-w-18 fa-sm" data-icon="star" data-prefix="fas" focusable="false" role="img" viewbox="0 0 576 512" xmlns="http://www.w3.org/2000/svg"><path d="M259.3 17.8L194 150.2 47.9 171.5c-26.2 3.8-36.7 36.1-17.7 54.6l105.7 103-25 145.5c-4.5 26.3 23.2 46 46.4 33.7L288 439.6l130.7 68.7c23.2 12.2 50.9-7.4 46.4-33.7l-25-145.5 105.7-103c19-18.5 8.5-50.8-17.7-54.6L382 150.2 316.7 17.8c-11.7-23.6-45.6-23.9-57.4 0z" fill="currentColor"></path></svg></label></span><span><input class="RatingStars__radio___3pPl_ dv-star-rating-input" id="stationRating_1" name="stationRating" type="radio" value="1"/><label class="dv-star-rating-star dv-star-rating-full-star" for="stationRating_1" style="float:right;cursor:default;color:#f6cc1c"><svg aria-hidden="true" class="svg-inline--fa fa-star fa-w-18 fa-sm" data-icon="star" data-prefix="fas" focusable="false" role="img" viewbox="0 0 576 512" xmlns="http://www.w3.org/2000/svg"><path d="M259.3 17.8L194 150.2 47.9 171.5c-26.2 3.8-36.7 36.1-17.7 54.6l105.7 103-25 145.5c-4.5 26.3 23.2 46 46.4 33.7L288 439.6l130.7 68.7c23.2 12.2 50.9-7.4 46.4-33.7l-25-145.5 105.7-103c19-18.5 8.5-50.8-17.7-54.6L382 150.2 316.7 17.8c-11.7-23.6-45.6-23.9-57.4 0z" fill="currentColor"></path></svg></label></span></div> <span class="text__left___1iOw3 GenericStationListItem__numberOfReviews___3Ow1k">16</span></div><div class="GenericStationListItem__address___1VFQ3">38668 US-169<br/></div><div class="container__container___2Wq7c container__snap___1RrVv"><div class="BadgeAds__badgeAds___3SUFw"></div></div></div><div class="GenericStationListItem__badgeContainer___15mlh"></div><div class="GenericStationListItem__priceColumn___UmzZ7 GenericStationListItem__column___2Yqh-"><div class="GenericStationListItem__priceContainer___YbVoO"><span class="text__left___1iOw3 GenericStationListItem__price___3GpKP">---</span></div></div></div></div> in MN skipping....
root - WARNING - <div class="panel__panel___3Q2zW panel__white___19KTz colors__bgWhite___1stjL panel__bordered___1Xe-S panel__rounded___2etNE GenericStationListItem__station___1O4vF GenericStationListItem__clickable___30MZX"><div class="GenericStationListItem__stationListItem___3Jmn4" role="link" tabindex="0"><div class="GenericStationListItem__logoColumn___2oYl7 GenericStationListItem__column___2Yqh-"><div class="StationBrandings__logoImages___1KnoP"><div class="GenericStationListItem__logoImageContainer___2SVFN"><img alt="Family Fare" class="image__image___1ZUby" src="https://images.gasbuddy.io/b/23.png"/></div></div></div><div class="GenericStationListItem__mainInfoColumn___2kuPq GenericStationListItem__column___2Yqh-"><h3 class="header__header3___1b1oq header__header___1zII0 header__evergreen___2DD39 header__snug___lRSNK GenericStationListItem__stationNameHeader___3qxdy"><a href="/station/33735" style="text-decoration:inherit;color:inherit">Family Fare</a><span> <span><img alt="This station is verified!" class="image__image___1ZUby BadgeImage__image___1OkSK BadgeImage__clickable___2RX-5" src="//static.gasbuddy.com/web/consumer/Verified_Icon.svg" title="This station is verified!"/></span></span></h3><div class="GenericStationListItem__ratingContainer___3teRk"><div class="RatingStars__star___1Yz8j dv-star-rating dv-star-rating-non-editable StarRating__starRating___SmX7a"><span><input class="RatingStars__radio___3pPl_ dv-star-rating-input" id="stationRating_5" name="stationRating" type="radio" value="5"/><label class="dv-star-rating-star dv-star-rating-empty-star" for="stationRating_5" style="float:right;cursor:default;color:#f6cc1c"><svg aria-hidden="true" class="svg-inline--fa fa-star-half-alt fa-w-17 fa-sm" data-icon="star-half-alt" data-prefix="fas" focusable="false" role="img" viewbox="0 0 536 512" xmlns="http://www.w3.org/2000/svg"><path d="M508.55 171.51L362.18 150.2 296.77 17.81C290.89 5.98 279.42 0 267.95 0c-11.4 0-22.79 5.9-28.69 17.81l-65.43 132.38-146.38 21.29c-26.25 3.8-36.77 36.09-17.74 54.59l105.89 103-25.06 145.48C86.98 495.33 103.57 512 122.15 512c4.93 0 10-1.17 14.87-3.75l130.95-68.68 130.94 68.7c4.86 2.55 9.92 3.71 14.83 3.71 18.6 0 35.22-16.61 31.66-37.4l-25.03-145.49 105.91-102.98c19.04-18.5 8.52-50.8-17.73-54.6zm-121.74 123.2l-18.12 17.62 4.28 24.88 19.52 113.45-102.13-53.59-22.38-11.74.03-317.19 51.03 103.29 11.18 22.63 25.01 3.64 114.23 16.63-82.65 80.38z" fill="currentColor"></path></svg></label></span><span><input class="RatingStars__radio___3pPl_ dv-star-rating-input" id="stationRating_4" name="stationRating" type="radio" value="4"/><label class="dv-star-rating-star dv-star-rating-full-star" for="stationRating_4" style="float:right;cursor:default;color:#f6cc1c"><svg aria-hidden="true" class="svg-inline--fa fa-star fa-w-18 fa-sm" data-icon="star" data-prefix="fas" focusable="false" role="img" viewbox="0 0 576 512" xmlns="http://www.w3.org/2000/svg"><path d="M259.3 17.8L194 150.2 47.9 171.5c-26.2 3.8-36.7 36.1-17.7 54.6l105.7 103-25 145.5c-4.5 26.3 23.2 46 46.4 33.7L288 439.6l130.7 68.7c23.2 12.2 50.9-7.4 46.4-33.7l-25-145.5 105.7-103c19-18.5 8.5-50.8-17.7-54.6L382 150.2 316.7 17.8c-11.7-23.6-45.6-23.9-57.4 0z" fill="currentColor"></path></svg></label></span><span><input class="RatingStars__radio___3pPl_ dv-star-rating-input" id="stationRating_3" name="stationRating" type="radio" value="3"/><label class="dv-star-rating-star dv-star-rating-full-star" for="stationRating_3" style="float:right;cursor:default;color:#f6cc1c"><svg aria-hidden="true" class="svg-inline--fa fa-star fa-w-18 fa-sm" data-icon="star" data-prefix="fas" focusable="false" role="img" viewbox="0 0 576 512" xmlns="http://www.w3.org/2000/svg"><path d="M259.3 17.8L194 150.2 47.9 171.5c-26.2 3.8-36.7 36.1-17.7 54.6l105.7 103-25 145.5c-4.5 26.3 23.2 46 46.4 33.7L288 439.6l130.7 68.7c23.2 12.2 50.9-7.4 46.4-33.7l-25-145.5 105.7-103c19-18.5 8.5-50.8-17.7-54.6L382 150.2 316.7 17.8c-11.7-23.6-45.6-23.9-57.4 0z" fill="currentColor"></path></svg></label></span><span><input class="RatingStars__radio___3pPl_ dv-star-rating-input" id="stationRating_2" name="stationRating" type="radio" value="2"/><label class="dv-star-rating-star dv-star-rating-full-star" for="stationRating_2" style="float:right;cursor:default;color:#f6cc1c"><svg aria-hidden="true" class="svg-inline--fa fa-star fa-w-18 fa-sm" data-icon="star" data-prefix="fas" focusable="false" role="img" viewbox="0 0 576 512" xmlns="http://www.w3.org/2000/svg"><path d="M259.3 17.8L194 150.2 47.9 171.5c-26.2 3.8-36.7 36.1-17.7 54.6l105.7 103-25 145.5c-4.5 26.3 23.2 46 46.4 33.7L288 439.6l130.7 68.7c23.2 12.2 50.9-7.4 46.4-33.7l-25-145.5 105.7-103c19-18.5 8.5-50.8-17.7-54.6L382 150.2 316.7 17.8c-11.7-23.6-45.6-23.9-57.4 0z" fill="currentColor"></path></svg></label></span><span><input class="RatingStars__radio___3pPl_ dv-star-rating-input" id="stationRating_1" name="stationRating" type="radio" value="1"/><label class="dv-star-rating-star dv-star-rating-full-star" for="stationRating_1" style="float:right;cursor:default;color:#f6cc1c"><svg aria-hidden="true" class="svg-inline--fa fa-star fa-w-18 fa-sm" data-icon="star" data-prefix="fas" focusable="false" role="img" viewbox="0 0 576 512" xmlns="http://www.w3.org/2000/svg"><path d="M259.3 17.8L194 150.2 47.9 171.5c-26.2 3.8-36.7 36.1-17.7 54.6l105.7 103-25 145.5c-4.5 26.3 23.2 46 46.4 33.7L288 439.6l130.7 68.7c23.2 12.2 50.9-7.4 46.4-33.7l-25-145.5 105.7-103c19-18.5 8.5-50.8-17.7-54.6L382 150.2 316.7 17.8c-11.7-23.6-45.6-23.9-57.4 0z" fill="currentColor"></path></svg></label></span></div> <span class="text__left___1iOw3 GenericStationListItem__numberOfReviews___3Ow1k">113</span></div><div class="GenericStationListItem__address___1VFQ3">1811 NC-86 S<br/></div><div class="container__container___2Wq7c container__snap___1RrVv"><div class="BadgeAds__badgeAds___3SUFw"></div></div></div><div class="GenericStationListItem__badgeContainer___15mlh"></div><div class="GenericStationListItem__priceColumn___UmzZ7 GenericStationListItem__column___2Yqh-"><div class="GenericStationListItem__priceContainer___YbVoO"><span class="text__left___1iOw3 GenericStationListItem__price___3GpKP">$1.87</span><div><span class="ReportedBy__user___gVNBF"><a class="ReportedBy__memberLink___v1-RM" href="https://www.gasbuddy.com/Member/iFueler"><img alt="" src="//static.gasbuddy.com/web/consumer/user-icon.svg"/> <!-- -->iFueler</a></span><span class="ReportedBy__postedTime___J5H9Z">2 hours ago</span></div><div></div></div></div></div></div> in NC skipping....
